
> notes-hub@0.1.0 build
> next build

Γû▓ Next.js 16.2.1 (Turbopack)
- Environments: .env.local

  Creating an optimized production build ...
Γ£ô Compiled successfully in 8.3s
  Running TypeScript ...
  Finished TypeScript in 9.4s ...
  Collecting page data using 11 workers ...
  Generating static pages using 11 workers (0/8) ...
  Generating static pages using 11 workers (2/8) 
  Generating static pages using 11 workers (4/8) 
  Generating static pages using 11 workers (6/8) 
Γ£ô Generating static pages using 11 workers (8/8) in 2.4s
  Finalizing page optimization ...

Route (app)
Γöî Γùï /
Γö£ Γùï /_not-found
Γö£ Γùï /admin
Γö£ ╞Æ /api/checkout
Γö£ ╞Æ /api/upload
Γö£ ╞Æ /carreras/[careerId]
Γö£ ╞Æ /carreras/[careerId]/materias/[id]
Γö£ Γùï /icon.png
Γöö Γùï /upload


Γùï  (Static)   prerendered as static content
╞Æ  (Dynamic)  server-rendered on demand

